[ref] reusing existing flat reference: /mnt/vstor/SOM_CCCC_JGS25/shultesp/data/GC.PS.1929.WGS/reference.cnn
[cnvkit] parental: /mnt/vstor/SOM_CCCC_JGS25/shultesp/data/GC.PS.1929.WGS/bams/parental_deepWGS.bam
CNVkit 0.9.11
Wrote /mnt/vstor/SOM_CCCC_JGS25/shultesp/data/GC.PS.1929.WGS/analysis/cnv_ploidy/cnvkit/reference.target-tmp.bed with 1845939 regions
Wrote /mnt/vstor/SOM_CCCC_JGS25/shultesp/data/GC.PS.1929.WGS/analysis/cnv_ploidy/cnvkit/reference.antitarget-tmp.bed with 0 regions
Running 1 samples in 8 processes (that's 8 processes per bam)
Running the CNVkit pipeline on /mnt/vstor/SOM_CCCC_JGS25/shultesp/data/GC.PS.1929.WGS/bams/parental_deepWGS.bam ...
Indexing BAM file /mnt/vstor/SOM_CCCC_JGS25/shultesp/data/GC.PS.1929.WGS/bams/parental_deepWGS.bam
Processing reads in parental_deepWGS.bam
Traceback (most recent call last):
  File "/home/pvs13/.local/bin/cnvkit.py", line 8, in <module>
    sys.exit(main())
             ^^^^^^
  File "/home/pvs13/.local/lib/python3.11/site-packages/cnvlib/cnvkit.py", line 10, in main
    args.func(args)
  File "/home/pvs13/.local/lib/python3.11/site-packages/cnvlib/commands.py", line 1171, in _cmd_call
    cnarr = read_cna(args.filename)
            ^^^^^^^^^^^^^^^^^^^^^^^
  File "/home/pvs13/.local/lib/python3.11/site-packages/cnvlib/cmdutil.py", line 12, in read_cna
    return tabio.read(infile, into=CNA, sample_id=sample_id, meta=meta)
           ^^^^^^^^^^^^^^^^^^^^^^^^^^^^^^^^^^^^^^^^^^^^^^^^^^^^^^^^^^^^
  File "/home/pvs13/.local/lib/python3.11/site-packages/skgenome/tabio/__init__.py", line 75, in read
    dframe = reader(infile, **kwargs)
             ^^^^^^^^^^^^^^^^^^^^^^^^
  File "/home/pvs13/.local/lib/python3.11/site-packages/skgenome/tabio/tab.py", line 17, in read_tab
    dframe = pd.read_csv(infile, sep="\t", dtype={"chromosome": "str"})
             ^^^^^^^^^^^^^^^^^^^^^^^^^^^^^^^^^^^^^^^^^^^^^^^^^^^^^^^^^^
  File "/home/pvs13/.local/lib/python3.11/site-packages/pandas/io/parsers/readers.py", line 1026, in read_csv
    return _read(filepath_or_buffer, kwds)
           ^^^^^^^^^^^^^^^^^^^^^^^^^^^^^^^
  File "/home/pvs13/.local/lib/python3.11/site-packages/pandas/io/parsers/readers.py", line 620, in _read
    parser = TextFileReader(filepath_or_buffer, **kwds)
             ^^^^^^^^^^^^^^^^^^^^^^^^^^^^^^^^^^^^^^^^^^
  File "/home/pvs13/.local/lib/python3.11/site-packages/pandas/io/parsers/readers.py", line 1620, in __init__
    self._engine = self._make_engine(f, self.engine)
                   ^^^^^^^^^^^^^^^^^^^^^^^^^^^^^^^^^
  File "/home/pvs13/.local/lib/python3.11/site-packages/pandas/io/parsers/readers.py", line 1880, in _make_engine
    self.handles = get_handle(
                   ^^^^^^^^^^^
  File "/home/pvs13/.local/lib/python3.11/site-packages/pandas/io/common.py", line 873, in get_handle
    handle = open(
             ^^^^^
FileNotFoundError: [Errno 2] No such file or directory: '/mnt/vstor/SOM_CCCC_JGS25/shultesp/data/GC.PS.1929.WGS/analysis/cnv_ploidy/cnvkit/parental_deepWGS.cns'
