
The following have been reloaded with a version change:
  1) GCC/12.3.0 => GCC/13.2.0
  2) GCCcore/12.3.0 => GCCcore/13.2.0
  3) XZ/5.4.2-GCCcore-12.3.0 => XZ/5.4.4-GCCcore-13.2.0
  4) binutils/2.40-GCCcore-12.3.0 => binutils/2.40-GCCcore-13.2.0
  5) bzip2/1.0.8-GCCcore-12.3.0 => bzip2/1.0.8-GCCcore-13.2.0
  6) cURL/8.0.1-GCCcore-12.3.0 => cURL/8.3.0-GCCcore-13.2.0
  7) zlib/1.2.13-GCCcore-12.3.0 => zlib/1.2.13-GCCcore-13.2.0

[baf] parental: /mnt/vstor/SOM_CCCC_JGS25/shultesp/data/GC.PS.1929.WGS/bams/rmdup_parental_deepWGS.bam
Note: none of --samples-file, --ploidy or --ploidy-file given, assuming all sites are diploid
[mpileup] 1 samples in 1 input files
[mpileup] maximum number of reads per input file set to -d 250
[baf] parental: done, 11806560 sites
[baf] fused: /mnt/vstor/SOM_CCCC_JGS25/shultesp/data/GC.PS.1929.WGS/bams/rmdup_fused_deepWGS.bam
Note: none of --samples-file, --ploidy or --ploidy-file given, assuming all sites are diploid
[mpileup] 1 samples in 1 input files
[mpileup] maximum number of reads per input file set to -d 250
[baf] fused: done, 11809111 sites
[baf] resistant: /mnt/vstor/SOM_CCCC_JGS25/shultesp/data/GC.PS.1929.WGS/bams/rmdup_resistant_deepWGS.bam
Note: none of --samples-file, --ploidy or --ploidy-file given, assuming all sites are diploid
[mpileup] 1 samples in 1 input files
[mpileup] maximum number of reads per input file set to -d 250
[baf] resistant: done, 11805182 sites
Done. BAF vcfs in /mnt/vstor/SOM_CCCC_JGS25/shultesp/data/GC.PS.1929.WGS/analysis/cnv_ploidy/baf/ -- rerun notebooks/cnv_ploidy_postprocessing.ipynb section 4.
