[ref] reusing existing flat reference: /mnt/vstor/SOM_CCCC_JGS25/shultesp/data/GC.PS.1929.WGS/reference.cnn
[cnvkit] parental: /mnt/vstor/SOM_CCCC_JGS25/shultesp/data/GC.PS.1929.WGS/bams/parental_deepWGS.bam
Traceback (most recent call last):
  File "/home/pvs13/.local/bin/cnvkit.py", line 5, in <module>
    from cnvlib.cnvkit import main
  File "/home/pvs13/.local/lib/python3.11/site-packages/cnvlib/__init__.py", line 1, in <module>
    from skgenome.tabio import write
  File "/home/pvs13/.local/lib/python3.11/site-packages/skgenome/__init__.py", line 1, in <module>
    from . import tabio
  File "/home/pvs13/.local/lib/python3.11/site-packages/skgenome/tabio/__init__.py", line 10, in <module>
    import pandas as pd
  File "/home/pvs13/.local/lib/python3.11/site-packages/pandas/__init__.py", line 49, in <module>
    from pandas.core.api import (
  File "/home/pvs13/.local/lib/python3.11/site-packages/pandas/core/api.py", line 9, in <module>
    from pandas.core.dtypes.dtypes import (
  File "/home/pvs13/.local/lib/python3.11/site-packages/pandas/core/dtypes/dtypes.py", line 47, in <module>
    from pandas.errors import PerformanceWarning
  File "/home/pvs13/.local/lib/python3.11/site-packages/pandas/errors/__init__.py", line 6, in <module>
    import ctypes
  File "/usr/local/easybuild_allnodes/software/Python/3.11.5-GCCcore-13.2.0/lib64/python3.11/ctypes/__init__.py", line 8, in <module>
    from _ctypes import Union, Structure, Array
ImportError: libffi.so.8: cannot open shared object file: No such file or directory
