
The following have been reloaded with a version change:
  1) GCCcore/13.2.0 => GCCcore/12.3.0
  2) XZ/5.4.4-GCCcore-13.2.0 => XZ/5.4.2-GCCcore-12.3.0
  3) binutils/2.40-GCCcore-13.2.0 => binutils/2.40-GCCcore-12.3.0
  4) bzip2/1.0.8-GCCcore-13.2.0 => bzip2/1.0.8-GCCcore-12.3.0
  5) zlib/1.2.13-GCCcore-13.2.0 => zlib/1.2.13-GCCcore-12.3.0


The following have been reloaded with a version change:
  1) GCC/12.3.0 => GCC/13.2.0
  2) GCCcore/12.3.0 => GCCcore/13.2.0
  3) XZ/5.4.2-GCCcore-12.3.0 => XZ/5.4.4-GCCcore-13.2.0
  4) binutils/2.40-GCCcore-12.3.0 => binutils/2.40-GCCcore-13.2.0
  5) bzip2/1.0.8-GCCcore-12.3.0 => bzip2/1.0.8-GCCcore-13.2.0
  6) cURL/8.0.1-GCCcore-12.3.0 => cURL/8.3.0-GCCcore-13.2.0
  7) zlib/1.2.13-GCCcore-12.3.0 => zlib/1.2.13-GCCcore-13.2.0

[ref] reusing existing flat reference: /mnt/vstor/SOM_CCCC_JGS25/shultesp/data/GC.PS.1929.WGS/reference.cnn
[cnvkit] parental: /mnt/vstor/SOM_CCCC_JGS25/shultesp/data/GC.PS.1929.WGS/bams/rmdup_parental_deepWGS.bam
CNVkit 0.9.11
Wrote /mnt/vstor/SOM_CCCC_JGS25/shultesp/data/GC.PS.1929.WGS/analysis/cnv_ploidy/cnvkit/reference.target-tmp.bed with 249 regions
Wrote /mnt/vstor/SOM_CCCC_JGS25/shultesp/data/GC.PS.1929.WGS/analysis/cnv_ploidy/cnvkit/reference.antitarget-tmp.bed with 0 regions
Running 1 samples in 11 processes (that's 11 processes per bam)
Running the CNVkit pipeline on /mnt/vstor/SOM_CCCC_JGS25/shultesp/data/GC.PS.1929.WGS/bams/rmdup_parental_deepWGS.bam ...
Processing reads in rmdup_parental_deepWGS.bam
Time: 1056.792 seconds (503507 reads/sec, 0 bins/sec)
Summary: #bins=249, #reads=532102130, mean=2136956.3455, min=0.0, max=27448281.85333333
Percent reads in regions: 97.837 (of 543865509 mapped)
Wrote /mnt/vstor/SOM_CCCC_JGS25/shultesp/data/GC.PS.1929.WGS/analysis/cnv_ploidy/cnvkit/rmdup_parental_deepWGS.targetcoverage.cnn with 249 regions
Skip processing rmdup_parental_deepWGS.bam with empty regions file /mnt/vstor/SOM_CCCC_JGS25/shultesp/data/GC.PS.1929.WGS/analysis/cnv_ploidy/cnvkit/reference.antitarget-tmp.bed
Wrote /mnt/vstor/SOM_CCCC_JGS25/shultesp/data/GC.PS.1929.WGS/analysis/cnv_ploidy/cnvkit/rmdup_parental_deepWGS.antitargetcoverage.cnn with 0 regions
Processing target: rmdup_parental_deepWGS
Keeping 236 of 249 bins
Correcting for GC bias...
Correcting for density bias...
Processing antitarget: rmdup_parental_deepWGS
Wrote /mnt/vstor/SOM_CCCC_JGS25/shultesp/data/GC.PS.1929.WGS/analysis/cnv_ploidy/cnvkit/rmdup_parental_deepWGS.cnr with 236 regions
Segmenting /mnt/vstor/SOM_CCCC_JGS25/shultesp/data/GC.PS.1929.WGS/analysis/cnv_ploidy/cnvkit/rmdup_parental_deepWGS.cnr ...
Segmenting with method 'cbs', significance threshold 0.0001, in 11 processes
[FATAL] parental: cnvkit.py batch did not produce /mnt/vstor/SOM_CCCC_JGS25/shultesp/data/GC.PS.1929.WGS/analysis/cnv_ploidy/cnvkit/rmdup_parental_deepWGS.cnr and/or /mnt/vstor/SOM_CCCC_JGS25/shultesp/data/GC.PS.1929.WGS/analysis/cnv_ploidy/cnvkit/rmdup_parental_deepWGS.cns.
        This step is memory-heavy (coverage across ~1.8M WGS bins)
        and most likely died from an OOM kill with no traceback.
        Check 'sacct -j $SLURM_JOB_ID --format=MaxRSS' against --mem,
        and consider lowering -p/THREADS to reduce peak concurrent memory.
